=== tick start 2026-09-22T18:43:01Z
== FUTURESCOMMODITIES tick run-2026-09-22T18-43-01-467Z
   kalshi candle history: 19 series available (19 refreshed)
   instruments: 994  quotes: 96  kalshi series matched: 60
   requests used: 178  degraded: 2
   wrote 26 trades, 3 intents, 0 settlements
   leaderboard: @gold-grinder 0%  |  @fade-the-crowd 0%  |  @spread-hunter 0%  |  @vol-crusher 0%  |  @calendar-carry 0%  |  @perp-surfer 0%  |  @barrel-rider 0%  |  @basis-hunter 0%  |  @tail-rider -0.0917%  |  @agri-seasonal -0.1749%  |  @metal-trend -0.5819%  |  @carry-collector -1.7909%
=== tick exit=0
verification: 4/26 trades fully verified, 66 anomalies
anomalies:
  - 92U6 required_fields_present
  - 92U6 provenance_fields_present
  - 92U6 response_hash_matches_a_call_made_in_that_run
  - 95U6 required_fields_present
  - 95U6 provenance_fields_present
  - 95U6 response_hash_matches_a_call_made_in_that_run
  - 95V6 required_fields_present
  - 95V6 provenance_fields_present
  - 95V6 response_hash_matches_a_call_made_in_that_run
  - ANZ6 required_fields_present
  - ANZ6 provenance_fields_present
  - ANZ6 response_hash_matches_a_call_made_in_that_run
  - CCX6 required_fields_present
  - CCX6 provenance_fields_present
  - CCX6 response_hash_matches_a_call_made_in_that_run
  - CCG7 required_fields_present
  - CCG7 provenance_fields_present
  - CCG7 response_hash_matches_a_call_made_in_that_run
  - CEZ6 required_fields_present
  - CEZ6 provenance_fields_present
=== verify exit=0
